[Licensing::Module] Trying to connect to existing licensing client channel...
Built from '6000.2/staging' branch; Version is '6000.2.15f1 (0707b6d1e918) revision 460726'; Using compiler version '194234433'; Build Type 'Release'
[Licensing::IpcConnector] Successfully connected to: "LicenseClient-gerst" at "2026-06-17T15:54:46.9822377Z"
OS: 'Windows 11  (10.0.26200) 64bit Core' Language: 'en' Physical Memory: 16044 MB
BatchMode: 1, IsHumanControllingUs: 0, StartBugReporterOnCrash: 0, Is64bit: 1
Date: 2026-06-17T15:54:46Z

COMMAND LINE ARGUMENTS:
C:\Program Files\Unity\Hub\Editor\6000.2.15f1\Editor\Unity.exe
-batchmode
-nographics
-quit
-projectPath
C:\Users\gerst\Documents\braude\last year\semester 8\final project\VR stress project\Phase B
-executeMethod
MissionBriefingPanelSetupEditor.SetupAllBriefingPanels
-logFile
C:\Users\gerst\Documents\braude\last year\semester 8\final project\VR stress project\Phase B\briefing_setup.log
Successfully changed project path to: C:\Users\gerst\Documents\braude\last year\semester 8\final project\VR stress project\Phase B
C:/Users/gerst/Documents/braude/last year/semester 8/final project/VR stress project/Phase B
Exiting without the bug reporter. Application will terminate with return code 1